{
  "version": "1.5.0",
  "plugins_used": [
    {
      "name": "ArtifactoryDetector"
    },
    {
      "name": "AWSKeyDetector"
    },
    {
      "name": "AzureStorageKeyDetector"
    },
    {
      "name": "Base64HighEntropyString",
      "limit": 4.5
    },
    {
      "name": "BasicAuthDetector"
    },
    {
      "name": "CloudantDetector"
    },
    {
      "name": "DiscordBotTokenDetector"
    },
    {
      "name": "GitHubTokenDetector"
    },
    {
      "name": "GitLabTokenDetector"
    },
    {
      "name": "HexHighEntropyString",
      "limit": 3.0
    },
    {
      "name": "IbmCloudIamDetector"
    },
    {
      "name": "IbmCosHmacDetector"
    },
    {
      "name": "IPPublicDetector"
    },
    {
      "name": "JwtTokenDetector"
    },
    {
      "name": "KeywordDetector",
      "keyword_exclude": ""
    },
    {
      "name": "MailchimpDetector"
    },
    {
      "name": "NpmDetector"
    },
    {
      "name": "OpenAIDetector"
    },
    {
      "name": "PrivateKeyDetector"
    },
    {
      "name": "PypiTokenDetector"
    },
    {
      "name": "SendGridDetector"
    },
    {
      "name": "SlackDetector"
    },
    {
      "name": "SoftlayerDetector"
    },
    {
      "name": "SquareOAuthDetector"
    },
    {
      "name": "StripeDetector"
    },
    {
      "name": "TelegramBotTokenDetector"
    },
    {
      "name": "TwilioKeyDetector"
    }
  ],
  "filters_used": [
    {
      "path": "detect_secrets.filters.allowlist.is_line_allowlisted"
    },
    {
      "path": "detect_secrets.filters.common.is_baseline_file",
      "filename": ".secrets.baseline"
    },
    {
      "path": "detect_secrets.filters.common.is_ignored_due_to_verification_policies",
      "min_level": 2
    },
    {
      "path": "detect_secrets.filters.regex.should_exclude_file",
      "pattern": [
        "^assets/.*\\.(png|jpg|jpeg|gif|svg|webp|bmp|ico|tiff|mp4|mov|avi|mkv|webm|flv|wmv|m4v|pdf|pptx|ppt|docx|doc|xls|xlsx|psd|ai|eps|sketch|fig|ttf|woff|woff2|eot|otf)$",
        "^docs/.*\\.pdf$",
        "^archive/",
        "package-lock\\.json$",
        "yarn\\.lock$",
        "\\.min\\.(js|css)$"
      ]
    }
  ],
  "results": {
    ".claude/skills/docx/ooxml/scripts/unpack.py": [
      {
        "type": "Hex High Entropy String",
        "filename": ".claude/skills/docx/ooxml/scripts/unpack.py",
        "hashed_secret": "ce27cb141098feb00714e758646be3e99c185b71",
        "is_verified": false,
        "line_number": 28
      }
    ],
    ".claude/skills/docx/scripts/document.py": [
      {
        "type": "Hex High Entropy String",
        "filename": ".claude/skills/docx/scripts/document.py",
        "hashed_secret": "ce27cb141098feb00714e758646be3e99c185b71",
        "is_verified": false,
        "line_number": 609
      }
    ],
    ".claude/skills/pptx/ooxml/scripts/unpack.py": [
      {
        "type": "Hex High Entropy String",
        "filename": ".claude/skills/pptx/ooxml/scripts/unpack.py",
        "hashed_secret": "ce27cb141098feb00714e758646be3e99c185b71",
        "is_verified": false,
        "line_number": 28
      }
    ]
  },
  "generated_at": "2025-11-30T18:04:36Z"
}
